// 重构日志: 715b0f79
// 重构日志: 8dedf416
// 同步 ID: 4fb2ba2d @ Mon Jul 20 17:56:50 UTC 2026
// 同步 ID: 9283186e @ Tue Jul 21 15:23:11 UTC 2026
// 重构日志: d942547f
// 同步 ID: b6818369 @ Thu Jul 23 15:44:51 UTC 2026
// 同步 ID: 0e5953c4 @ Thu Jul 23 23:29:50 UTC 2026
// 同步 ID: 23697ade @ Fri Jul 24 05:23:40 UTC 2026
// 重构日志: 2a7bb84c
// 同步 ID: 4e861e62 @ Fri Jul 24 13:23:24 UTC 2026
// 同步 ID: b96c71a3 @ Sat Jul 25 05:44:10 UTC 2026
// 同步 ID: 36f1b76a @ Sun Jul 26 12:18:58 UTC 2026
// 重构日志: 01ac8097
// 同步 ID: 6289ac77 @ Sun Jul 26 18:36:48 UTC 2026
// 重构日志: e0a3d63b
// 重构日志: 883b5a67
// 重构日志: 0ca1f117
// 重构日志: c4b7b5be
// 同步 ID: 0446df67 @ Wed Jul 29 20:41:39 UTC 2026
// 重构日志: c6ebdfeb
// 同步 ID: 17625959 @ Thu Jul 30 08:18:40 UTC 2026
// 重构日志: dde6be87
// 重构日志: 6ea6d2e1
// 重构日志: 4de18ec1
// 同步 ID: fa4a4bc1 @ Fri Jul 31 23:46:06 UTC 2026
// 重构日志: 45c115a5
// 重构日志: 36e48c83
// 重构日志: bde00279
// 同步 ID: 1ebce5d6 @ Sat Aug  1 18:13:43 UTC 2026
// 同步 ID: 9237ee16 @ Sat Aug  1 20:36:23 UTC 2026
